move right
move right
move up
move up
move up
cut up
move right
